// Jest Snapshot v1, https://goo.gl/fbAQLP

exports[`App component Should match snapshot 1`] = `
<DocumentFragment>
  <header>
    <div
      class="top-bar"
    >
      <img
        alt="Home Icon"
        class="home-img"
        src="Icon-home.png"
      />
      <h1>
        Countries
      </h1>
      <div
        class="right-side"
      >
        <img
          alt="Microphone Icon"
          src="icon-microphone.png"
        />
        <img
          alt="Setting Icon"
          src="icon-setting.png"
        />
      </div>
    </div>
    <img
      alt="World Map"
      class="bannar-image"
      src="country-map.png"
    />
    <div
      class="input-cont"
    >
      <input
        class="search-input"
        placeholder="🔍 Search Country"
        type="text"
        value=""
      />
    </div>
  </header>
  <main>
    <div
      class="status-bar"
    >
      <h2
        class="status-txt"
      >
        Status by country
      </h2>
    </div>
    <div
      class="country-container"
    >
      ;
    </div>
  </main>
</DocumentFragment>
`;
